// Jest Snapshot v1, https://goo.gl/fbAQLP

exports[`Barbell Class Getting/Setting Barbell Weight should throw an error if user tries to make the barbell weight negative by initalizing or setting 1`] = `"barbell weight can not be negative"`;

exports[`Barbell Class Getting/Setting Barbell Weight should throw an error if user tries to make the barbell weight negative by initalizing or setting 2`] = `"barbell weight can not be negative"`;

exports[`Barbell Class Getting/Setting Barbell Weight should throw an error if user tries to make the barbell weight negative by initalizing or setting 3`] = `"barbell weight can not be negative"`;

exports[`Barbell Class Getting/Setting Barbell Weight should throw error if weight type does not exist when intializing barbell weight 1`] = `"weight type 'fake weight type' does not exist for barbell"`;

exports[`Barbell Class Getting/Setting Barbell Weight should throw error if weight type does not exist when intializing barbell weight 2`] = `"weight type 'fake weight type' does not exist for barbell"`;

exports[`Barbell Class Getting/Setting Barbell Weight should throw error if weight type does not exist when intializing barbell weight 3`] = `"weight type 'fake weight type' does not exist for barbell"`;

exports[`Barbell Class Getting/Setting Barbell Weight should throw error if weight type does not exist when setting barbell weight 1`] = `"weight type 'fake weight type' does not exist for barbell"`;

exports[`Barbell Class fill_to_target function should throw error if weight type does not exist for either target weight type or target plate type 1`] = `"target weight type 'tons' does not exist to fill weights"`;

exports[`Barbell Class fill_to_target function should throw error if weight type does not exist for either target weight type or target plate type 2`] = `"target plate type 'tons' does not exist to fill weights"`;

exports[`Barbell Class fill_to_target function should throw error if weight type does not exist for either target weight type or target plate type 3`] = `"target weight type 'grams' does not exist to fill weights"`;

exports[`Barbell Class get_total_weight function should throw error if invalid weight type 1`] = `"weight type 'test' does not exist to get total weight"`;
