// Jest Snapshot v1, https://goo.gl/fbAQLP

exports[`Plate Class should log a warning and assume weight type of kilograms if weight type does not exist 1`] = `
Array [
  Array [
    "weight_type 'fake weight type' does not exist for plate. assuming kilograms",
  ],
]
`;

exports[`Plate Class should throw an error if initializing plate with negative number 1`] = `"plate weight can not be negative"`;

exports[`Plate Class should throw an error if initializing plate with negative number 2`] = `"plate weight can not be negative"`;

exports[`Plate Class should throw an error if plate number does not exist for kilograms 1`] = `"plate number '46' does not exist for 'kilograms'"`;

exports[`Plate Class should throw an error if plate number does not exist for pounds 1`] = `"plate number '46' does not exist for 'pounds'"`;
