// Jest Snapshot v1, https://goo.gl/fbAQLP

exports[`Plate Class should throw an error if initializing plate with negative number 1`] = `"plate weight can not be negative"`;

exports[`Plate Class should throw an error if initializing plate with negative number 2`] = `"plate weight can not be negative"`;

exports[`Plate Class should throw an error if plate number does not exist for kilograms 1`] = `"plate number '46' does not exist for 'kilograms'"`;

exports[`Plate Class should throw an error if plate number does not exist for pounds 1`] = `"plate number '46' does not exist for 'pounds'"`;

exports[`Plate Class should throw error if weight type does not exist when intializing plate 1`] = `"weight type 'fake weight type' does not exist for plate"`;
